{
  "entry": [
    {
      "changes": [
        {
          "field": "feed",
          "value": {
            "item": "comment",
            "sender_name": "Alex Heisenberg",
            "comment_id": "1159088254195206_1181673655269999",
            "sender_id": "299367493859040",
            "post_id": "894582510645783_1159088254195206",
            "verb": "add",
            "parent_id": "894582510645783_1159088254195206",
            "created_time": 1498420570,
            "message": "..."
          }
        }
      ],
      "id": "894582510645783",
      "time": 1498420573
    }
  ],
  "object": "page"
}